// Jest Snapshot v1, https://goo.gl/fbAQLP

exports[`<Filters /> render() renders the compnent 1`] = `
<Filters
  setLabels={[Function]}
  setShowCompleted={[Function]}
  store={
    Object {
      "clearActions": [Function],
      "dispatch": [Function],
      "getActions": [Function],
      "getState": [Function],
      "replaceReducer": [Function],
      "subscribe": [Function],
    }
  }
/>
`;
